
[2026-03-05T01:13:38.893Z] [WARN] - [Connection closed while receiving data] Logger.ts:72:15
[PaymentService] About to call tonService.sendTransaction index-BEYvB55B.js:49:100573
[TonService] Formatting address: 
Object { original: "EQC9q38UghP0eT3E9RwXBdjAThZ-CmTou3WckAgFQlX_w3OR", cleaned: "EQC9q38UghP0eT3E9RwXBdjAThZCmTou3WckAgFQlXw3OR" }
index-BEYvB55B.js:49:64939
[TonService] Sending transaction: 
Object { toAddress: "EQC9q38UghP0eT3E9RwXBdjAThZ-CmTou3WckAgFQlX_w3OR", formattedAddress: "EQC9q38UghP0eT3E9RwXBdjAThZCmTou3WckAgFQlXw3OR", amountNanoTon: "200000000", comment: "Buy Skin: Fire Red" }
index-BEYvB55B.js:49:64211
[TonService] Transaction object created, sending to wallet... index-BEYvB55B.js:49:64518
[TON_CONNECT_UI] postEvent web_app_expand 
Object {  }
index-B-Rt45nW.js:85:779
validUntil (1772673652) is more than 5 minutes from now (1772673292) index-B-Rt45nW.js:42:16225
[TonService] sendTransaction error: Error: [TON_CONNECT_SDK_ERROR] ne
SendTransactionRequest validation failed: Wrong 'address' format in message at index 0
    ne https://snakeonton.vercel.app/assets/index-B-Rt45nW.js:5
    sendTransaction https://snakeonton.vercel.app/assets/index-B-Rt45nW.js:42
    te https://snakeonton.vercel.app/assets/index-B-Rt45nW.js:5
    te https://snakeonton.vercel.app/assets/index-B-Rt45nW.js:5
    sendTransaction https://snakeonton.vercel.app/assets/index-B-Rt45nW.js:42
    waitForSendTransaction https://snakeonton.vercel.app/assets/index-B-Rt45nW.js:1242
    waitForSendTransaction https://snakeonton.vercel.app/assets/index-B-Rt45nW.js:1242
    Le https://snakeonton.vercel.app/assets/index-B-Rt45nW.js:46
    Le https://snakeonton.vercel.app/assets/index-B-Rt45nW.js:46
    waitForSendTransaction https://snakeonton.vercel.app/assets/index-B-Rt45nW.js:1242
    sendTransaction https://snakeonton.vercel.app/assets/index-B-Rt45nW.js:1242
    i https://snakeonton.vercel.app/assets/index-B-Rt45nW.js:46
    promise callback*s https://snakeonton.vercel.app/assets/index-B-Rt45nW.js:46
    Le https://snakeonton.vercel.app/assets/index-B-Rt45nW.js:46
    Le https://snakeonton.vercel.app/assets/index-B-Rt45nW.js:46
    sendTransaction https://snakeonton.vercel.app/assets/index-B-Rt45nW.js:1242
    sendTransaction https://snakeonton.vercel.app/assets/index-BEYvB55B.js:49
    processPayment https://snakeonton.vercel.app/assets/index-BEYvB55B.js:49
    he https://snakeonton.vercel.app/assets/index-BEYvB55B.js:49
    onClick https://snakeonton.vercel.app/assets/index-BEYvB55B.js:49
    $f https://snakeonton.vercel.app/assets/index-BEYvB55B.js:48
    es https://snakeonton.vercel.app/assets/index-BEYvB55B.js:48
    eo https://snakeonton.vercel.app/assets/index-BEYvB55B.js:48
    es https://snakeonton.vercel.app/assets/index-BEYvB55B.js:48
    ms https://snakeonton.vercel.app/assets/index-BEYvB55B.js:49
    jm https://snakeonton.vercel.app/assets/index-BEYvB55B.js:49
    Ff https://snakeonton.vercel.app/assets/index-BEYvB55B.js:48
    Ic https://snakeonton.vercel.app/assets/index-BEYvB55B.js:48
    Pc https://snakeonton.vercel.app/assets/index-BEYvB55B.js:48
    Pc https://snakeonton.vercel.app/assets/index-BEYvB55B.js:48
    createRoot https://snakeonton.vercel.app/assets/index-BEYvB55B.js:49
    <anonymous> https://snakeonton.vercel.app/assets/index-BEYvB55B.js:49
index-BEYvB55B.js:49:64712
[TonService] Error details: 
Object { message: "[TON_CONNECT_SDK_ERROR] ne\nSendTransactionRequest validation failed: Wrong 'address' format in message at index 0", stack: "ne@https://snakeonton.vercel.app/assets/index-B-Rt45nW.js:5:889\nsendTransaction/<@https://snakeonton.vercel.app/assets/index-B-Rt45nW.js:42:44940\nte/<@https://snakeonton.vercel.app/assets/index-B-Rt45nW.js:5:819\nte@https://snakeonton.vercel.app/assets/index-B-Rt45nW.js:5:619\nsendTransaction@https://snakeonton.vercel.app/assets/index-B-Rt45nW.js:42:44627\nwaitForSendTransaction/</<@https://snakeonton.vercel.app/assets/index-B-Rt45nW.js:1242:25626\nwaitForSendTransaction/<@https://snakeonton.vercel.app/assets/index-B-Rt45nW.js:1242:25188\nLe/<@https://snakeonton.vercel.app/assets/index-B-Rt45nW.js:46:1436\nLe@https://snakeonton.vercel.app/assets/index-B-Rt45nW.js:46:1256\nwaitForSendTransaction@https://snakeonton.vercel.app/assets/index-B-Rt45nW.js:1242:25156\nsendTransaction/<@https://snakeonton.vercel.app/assets/index-B-Rt45nW.js:1242:20393\ni@https://snakeonton.vercel.app/assets/index-B-Rt45nW.js:46:1294\npromise callback*s@https://snakeonton.vercel.app/assets/index-B-Rt45nW.js:46:1407\nLe/<@https://snakeonton.vercel.app/assets/index-B-Rt45nW.js:46:1418\nLe@https://snakeonton.vercel.app/assets/index-B-Rt45nW.js:46:1256\nsendTransaction@https://snakeonton.vercel.app/assets/index-B-Rt45nW.js:1242:19110\nsendTransaction@https://snakeonton.vercel.app/assets/index-BEYvB55B.js:49:64607\nprocessPayment@https://snakeonton.vercel.app/assets/index-BEYvB55B.js:49:100655\nhe@https://snakeonton.vercel.app/assets/index-BEYvB55B.js:49:105572\nonClick@https://snakeonton.vercel.app/assets/index-BEYvB55B.js:49:112434\n$f@https://snakeonton.vercel.app/assets/index-BEYvB55B.js:48:127468\nYm/es/<@https://snakeonton.vercel.app/assets/index-BEYvB55B.js:48:132553\neo@https://snakeonton.vercel.app/assets/index-BEYvB55B.js:48:15122\nes@https://snakeonton.vercel.app/assets/index-BEYvB55B.js:48:128703\nms@https://snakeonton.vercel.app/assets/index-BEYvB55B.js:49:28662\njm@https://snakeonton.vercel.app/assets/index-BEYvB55B.js:49:28482\nEventListener.handleEvent*Ff@https://snakeonton.vercel.app/assets/index-BEYvB55B.js:48:128264\nIc@https://snakeonton.vercel.app/assets/index-BEYvB55B.js:48:127664\nYm/Pc/<@https://snakeonton.vercel.app/assets/index-BEYvB55B.js:48:127830\nPc@https://snakeonton.vercel.app/assets/index-BEYvB55B.js:48:127775\nYm/Un.createRoot@https://snakeonton.vercel.app/assets/index-BEYvB55B.js:49:36517\n@https://snakeonton.vercel.app/assets/index-BEYvB55B.js:49:146560\n" }
index-BEYvB55B.js:49:64787
[PaymentService] Transaction result: false index-BEYvB55B.js:49:100755
[PaymentService] Transaction failed - check tonService logs above index-BEYvB55B.js:49:100812
[PaymentService] Starting payment process: 
Object { toAddress: "EQC9q38UghP0eT3E9RwXBdjAThZ-CmTou3WckAgFQlX_w3OR", amountNanoTon: "300000000", comment: "Buy Skin: Toxic Waste", userId: "demo_user", type: "buy_skin", amount: 0.3, itemName: "Toxic Waste" }
index-BEYvB55B.js:49:100111
[PaymentService] About to call tonService.sendTransaction index-BEYvB55B.js:49:100573
[TonService] Formatting address: 
Object { original: "EQC9q38UghP0eT3E9RwXBdjAThZ-CmTou3WckAgFQlX_w3OR", cleaned: "EQC9q38UghP0eT3E9RwXBdjAThZCmTou3WckAgFQlXw3OR" }
index-BEYvB55B.js:49:64939
[TonService] Sending transaction: 
Object { toAddress: "EQC9q38UghP0eT3E9RwXBdjAThZ-CmTou3WckAgFQlX_w3OR", formattedAddress: "EQC9q38UghP0eT3E9RwXBdjAThZCmTou3WckAgFQlXw3OR", amountNanoTon: "300000000", comment: "Buy Skin: Toxic Waste" }
index-BEYvB55B.js:49:64211
[TonService] Transaction object created, sending to wallet... index-BEYvB55B.js:49:64518
[TON_CONNECT_UI] postEvent web_app_expand 
Object {  }
index-B-Rt45nW.js:85:779
validUntil (1772673655) is more than 5 minutes from now (1772673295) index-B-Rt45nW.js:42:16225
[TonService] sendTransaction error: Error: [TON_CONNECT_SDK_ERROR] ne
SendTransactionRequest validation failed: Wrong 'address' format in message at index 0
    ne https://snakeonton.vercel.app/assets/index-B-Rt45nW.js:5
    sendTransaction https://snakeonton.vercel.app/assets/index-B-Rt45nW.js:42
    te https://snakeonton.vercel.app/assets/index-B-Rt45nW.js:5
    te https://snakeonton.vercel.app/assets/index-B-Rt45nW.js:5
    sendTransaction https://snakeonton.vercel.app/assets/index-B-Rt45nW.js:42
    waitForSendTransaction https://snakeonton.vercel.app/assets/index-B-Rt45nW.js:1242
    waitForSendTransaction https://snakeonton.vercel.app/assets/index-B-Rt45nW.js:1242
    Le https://snakeonton.vercel.app/assets/index-B-Rt45nW.js:46
    Le https://snakeonton.vercel.app/assets/index-B-Rt45nW.js:46
    waitForSendTransaction https://snakeonton.vercel.app/assets/index-B-Rt45nW.js:1242
    sendTransaction https://snakeonton.vercel.app/assets/index-B-Rt45nW.js:1242
    i https://snakeonton.vercel.app/assets/index-B-Rt45nW.js:46
    promise callback*s https://snakeonton.vercel.app/assets/index-B-Rt45nW.js:46
    Le https://snakeonton.vercel.app/assets/index-B-Rt45nW.js:46
    Le https://snakeonton.vercel.app/assets/index-B-Rt45nW.js:46
    sendTransaction https://snakeonton.vercel.app/assets/index-B-Rt45nW.js:1242
    sendTransaction https://snakeonton.vercel.app/assets/index-BEYvB55B.js:49
    processPayment https://snakeonton.vercel.app/assets/index-BEYvB55B.js:49
    he https://snakeonton.vercel.app/assets/index-BEYvB55B.js:49
    onClick https://snakeonton.vercel.app/assets/index-BEYvB55B.js:49
    $f https://snakeonton.vercel.app/assets/index-BEYvB55B.js:48
    es https://snakeonton.vercel.app/assets/index-BEYvB55B.js:48
    eo https://snakeonton.vercel.app/assets/index-BEYvB55B.js:48
    es https://snakeonton.vercel.app/assets/index-BEYvB55B.js:48
    ms https://snakeonton.vercel.app/assets/index-BEYvB55B.js:49
    jm https://snakeonton.vercel.app/assets/index-BEYvB55B.js:49
    Ff https://snakeonton.vercel.app/assets/index-BEYvB55B.js:48
    Ic https://snakeonton.vercel.app/assets/index-BEYvB55B.js:48
    Pc https://snakeonton.vercel.app/assets/index-BEYvB55B.js:48
    Pc https://snakeonton.vercel.app/assets/index-BEYvB55B.js:48
    createRoot https://snakeonton.vercel.app/assets/index-BEYvB55B.js:49
    <anonymous> https://snakeonton.vercel.app/assets/index-BEYvB55B.js:49
index-BEYvB55B.js:49:64712
[TonService] Error details: 
Object { message: "[TON_CONNECT_SDK_ERROR] ne\nSendTransactionRequest validation failed: Wrong 'address' format in message at index 0", stack: "ne@https://snakeonton.vercel.app/assets/index-B-Rt45nW.js:5:889\nsendTransaction/<@https://snakeonton.vercel.app/assets/index-B-Rt45nW.js:42:44940\nte/<@https://snakeonton.vercel.app/assets/index-B-Rt45nW.js:5:819\nte@https://snakeonton.vercel.app/assets/index-B-Rt45nW.js:5:619\nsendTransaction@https://snakeonton.vercel.app/assets/index-B-Rt45nW.js:42:44627\nwaitForSendTransaction/</<@https://snakeonton.vercel.app/assets/index-B-Rt45nW.js:1242:25626\nwaitForSendTransaction/<@https://snakeonton.vercel.app/assets/index-B-Rt45nW.js:1242:25188\nLe/<@https://snakeonton.vercel.app/assets/index-B-Rt45nW.js:46:1436\nLe@https://snakeonton.vercel.app/assets/index-B-Rt45nW.js:46:1256\nwaitForSendTransaction@https://snakeonton.vercel.app/assets/index-B-Rt45nW.js:1242:25156\nsendTransaction/<@https://snakeonton.vercel.app/assets/index-B-Rt45nW.js:1242:20393\ni@https://snakeonton.vercel.app/assets/index-B-Rt45nW.js:46:1294\npromise callback*s@https://snakeonton.vercel.app/assets/index-B-Rt45nW.js:46:1407\nLe/<@https://snakeonton.vercel.app/assets/index-B-Rt45nW.js:46:1418\nLe@https://snakeonton.vercel.app/assets/index-B-Rt45nW.js:46:1256\nsendTransaction@https://snakeonton.vercel.app/assets/index-B-Rt45nW.js:1242:19110\nsendTransaction@https://snakeonton.vercel.app/assets/index-BEYvB55B.js:49:64607\nprocessPayment@https://snakeonton.vercel.app/assets/index-BEYvB55B.js:49:100655\nhe@https://snakeonton.vercel.app/assets/index-BEYvB55B.js:49:105572\nonClick@https://snakeonton.vercel.app/assets/index-BEYvB55B.js:49:112434\n$f@https://snakeonton.vercel.app/assets/index-BEYvB55B.js:48:127468\nYm/es/<@https://snakeonton.vercel.app/assets/index-BEYvB55B.js:48:132553\neo@https://snakeonton.vercel.app/assets/index-BEYvB55B.js:48:15122\nes@https://snakeonton.vercel.app/assets/index-BEYvB55B.js:48:128703\nms@https://snakeonton.vercel.app/assets/index-BEYvB55B.js:49:28662\njm@https://snakeonton.vercel.app/assets/index-BEYvB55B.js:49:28482\nEventListener.handleEvent*Ff@https://snakeonton.vercel.app/assets/index-BEYvB55B.js:48:128264\nIc@https://snakeonton.vercel.app/assets/index-BEYvB55B.js:48:127664\nYm/Pc/<@https://snakeonton.vercel.app/assets/index-BEYvB55B.js:48:127830\nPc@https://snakeonton.vercel.app/assets/index-BEYvB55B.js:48:127775\nYm/Un.createRoot@https://snakeonton.vercel.app/assets/index-BEYvB55B.js:49:36517\n@https://snakeonton.vercel.app/assets/index-BEYvB55B.js:49:146560\n" }
index-BEYvB55B.js:49:64787
[PaymentService] Transaction result: false index-BEYvB55B.js:49:100755
[PaymentService] Transaction failed - check tonService logs above index-BEYvB55B.js:49:100812
[PaymentService] Starting payment process: 
Object { toAddress: "EQC9q38UghP0eT3E9RwXBdjAThZ-CmTou3WckAgFQlX_w3OR", amountNanoTon: "300000000", comment: "Buy Skin: Toxic Waste", userId: "demo_user", type: "buy_skin", amount: 0.3, itemName: "Toxic Waste" }
index-BEYvB55B.js:49:100111
[PaymentService] About to call tonService.sendTransaction index-BEYvB55B.js:49:100573
[TonService] Formatting address: 
Object { original: "EQC9q38UghP0eT3E9RwXBdjAThZ-CmTou3WckAgFQlX_w3OR", cleaned: "EQC9q38UghP0eT3E9RwXBdjAThZCmTou3WckAgFQlXw3OR" }
index-BEYvB55B.js:49:64939
[TonService] Sending transaction: 
Object { toAddress: "EQC9q38UghP0eT3E9RwXBdjAThZ-CmTou3WckAgFQlX_w3OR", formattedAddress: "EQC9q38UghP0eT3E9RwXBdjAThZCmTou3WckAgFQlXw3OR", amountNanoTon: "300000000", comment: "Buy Skin: Toxic Waste" }
index-BEYvB55B.js:49:64211
[TonService] Transaction object created, sending to wallet... index-BEYvB55B.js:49:64518
[TON_CONNECT_UI] postEvent web_app_expand 
Object {  }
index-B-Rt45nW.js:85:779
validUntil (1772673657) is more than 5 minutes from now (1772673297) index-B-Rt45nW.js:42:16225
[TonService] sendTransaction error: Error: [TON_CONNECT_SDK_ERROR] ne
SendTransactionRequest validation failed: Wrong 'address' format in message at index 0
    ne https://snakeonton.vercel.app/assets/index-B-Rt45nW.js:5
    sendTransaction https://snakeonton.vercel.app/assets/index-B-Rt45nW.js:42
    te https://snakeonton.vercel.app/assets/index-B-Rt45nW.js:5
    te https://snakeonton.vercel.app/assets/index-B-Rt45nW.js:5
    sendTransaction https://snakeonton.vercel.app/assets/index-B-Rt45nW.js:42
    waitForSendTransaction https://snakeonton.vercel.app/assets/index-B-Rt45nW.js:1242
    waitForSendTransaction https://snakeonton.vercel.app/assets/index-B-Rt45nW.js:1242
    Le https://snakeonton.vercel.app/assets/index-B-Rt45nW.js:46
    Le https://snakeonton.vercel.app/assets/index-B-Rt45nW.js:46
    waitForSendTransaction https://snakeonton.vercel.app/assets/index-B-Rt45nW.js:1242
    sendTransaction https://snakeonton.vercel.app/assets/index-B-Rt45nW.js:1242
    i https://snakeonton.vercel.app/assets/index-B-Rt45nW.js:46
    promise callback*s https://snakeonton.vercel.app/assets/index-B-Rt45nW.js:46
    Le https://snakeonton.vercel.app/assets/index-B-Rt45nW.js:46
    Le https://snakeonton.vercel.app/assets/index-B-Rt45nW.js:46
    sendTransaction https://snakeonton.vercel.app/assets/index-B-Rt45nW.js:1242
    sendTransaction https://snakeonton.vercel.app/assets/index-BEYvB55B.js:49
    processPayment https://snakeonton.vercel.app/assets/index-BEYvB55B.js:49
    he https://snakeonton.vercel.app/assets/index-BEYvB55B.js:49
    onClick https://snakeonton.vercel.app/assets/index-BEYvB55B.js:49
    $f https://snakeonton.vercel.app/assets/index-BEYvB55B.js:48
    es https://snakeonton.vercel.app/assets/index-BEYvB55B.js:48
    eo https://snakeonton.vercel.app/assets/index-BEYvB55B.js:48
    es https://snakeonton.vercel.app/assets/index-BEYvB55B.js:48
    ms https://snakeonton.vercel.app/assets/index-BEYvB55B.js:49
    jm https://snakeonton.vercel.app/assets/index-BEYvB55B.js:49
    Ff https://snakeonton.vercel.app/assets/index-BEYvB55B.js:48
    Ic https://snakeonton.vercel.app/assets/index-BEYvB55B.js:48
    Pc https://snakeonton.vercel.app/assets/index-BEYvB55B.js:48
    Pc https://snakeonton.vercel.app/assets/index-BEYvB55B.js:48
    createRoot https://snakeonton.vercel.app/assets/index-BEYvB55B.js:49
    <anonymous> https://snakeonton.vercel.app/assets/index-BEYvB55B.js:49
index-BEYvB55B.js:49:64712
[TonService] Error details: 
Object { message: "[TON_CONNECT_SDK_ERROR] ne\nSendTransactionRequest validation failed: Wrong 'address' format in message at index 0", stack: "ne@https://snakeonton.vercel.app/assets/index-B-Rt45nW.js:5:889\nsendTransaction/<@https://snakeonton.vercel.app/assets/index-B-Rt45nW.js:42:44940\nte/<@https://snakeonton.vercel.app/assets/index-B-Rt45nW.js:5:819\nte@https://snakeonton.vercel.app/assets/index-B-Rt45nW.js:5:619\nsendTransaction@https://snakeonton.vercel.app/assets/index-B-Rt45nW.js:42:44627\nwaitForSendTransaction/</<@https://snakeonton.vercel.app/assets/index-B-Rt45nW.js:1242:25626\nwaitForSendTransaction/<@https://snakeonton.vercel.app/assets/index-B-Rt45nW.js:1242:25188\nLe/<@https://snakeonton.vercel.app/assets/index-B-Rt45nW.js:46:1436\nLe@https://snakeonton.vercel.app/assets/index-B-Rt45nW.js:46:1256\nwaitForSendTransaction@https://snakeonton.vercel.app/assets/index-B-Rt45nW.js:1242:25156\nsendTransaction/<@https://snakeonton.vercel.app/assets/index-B-Rt45nW.js:1242:20393\ni@https://snakeonton.vercel.app/assets/index-B-Rt45nW.js:46:1294\npromise callback*s@https://snakeonton.vercel.app/assets/index-B-Rt45nW.js:46:1407\nLe/<@https://snakeonton.vercel.app/assets/index-B-Rt45nW.js:46:1418\nLe@https://snakeonton.vercel.app/assets/index-B-Rt45nW.js:46:1256\nsendTransaction@https://snakeonton.vercel.app/assets/index-B-Rt45nW.js:1242:19110\nsendTransaction@https://snakeonton.vercel.app/assets/index-BEYvB55B.js:49:64607\nprocessPayment@https://snakeonton.vercel.app/assets/index-BEYvB55B.js:49:100655\nhe@https://snakeonton.vercel.app/assets/index-BEYvB55B.js:49:105572\nonClick@https://snakeonton.vercel.app/assets/index-BEYvB55B.js:49:112434\n$f@https://snakeonton.vercel.app/assets/index-BEYvB55B.js:48:127468\nYm/es/<@https://snakeonton.vercel.app/assets/index-BEYvB55B.js:48:132553\neo@https://snakeonton.vercel.app/assets/index-BEYvB55B.js:48:15122\nes@https://snakeonton.vercel.app/assets/index-BEYvB55B.js:48:128703\nms@https://snakeonton.vercel.app/assets/index-BEYvB55B.js:49:28662\njm@https://snakeonton.vercel.app/assets/index-BEYvB55B.js:49:28482\nEventListener.handleEvent*Ff@https://snakeonton.vercel.app/assets/index-BEYvB55B.js:48:128264\nIc@https://snakeonton.vercel.app/assets/index-BEYvB55B.js:48:127664\nYm/Pc/<@https://snakeonton.vercel.app/assets/index-BEYvB55B.js:48:127830\nPc@https://snakeonton.vercel.app/assets/index-BEYvB55B.js:48:127775\nYm/Un.createRoot@https://snakeonton.vercel.app/assets/index-BEYvB55B.js:49:36517\n@https://snakeonton.vercel.app/assets/index-BEYvB55B.js:49:146560\n" }
index-BEYvB55B.js:49:64787
[PaymentService] Transaction result: false index-BEYvB55B.js:49:100755
[PaymentService] Transaction failed - check tonService logs above index-BEYvB55B.js:49:100812
[PaymentService] Starting payment process: 
Object { toAddress: "EQC9q38UghP0eT3E9RwXBdjAThZ-CmTou3WckAgFQlX_w3OR", amountNanoTon: "300000000", comment: "Buy Skin: Toxic Waste", userId: "demo_user", type: "buy_skin", amount: 0.3, itemName: "Toxic Waste" }
index-BEYvB55B.js:49:100111
[PaymentService] About to call tonService.sendTransaction index-BEYvB55B.js:49:100573
[TonService] Formatting address: 
Object { original: "EQC9q38UghP0eT3E9RwXBdjAThZ-CmTou3WckAgFQlX_w3OR", cleaned: "EQC9q38UghP0eT3E9RwXBdjAThZCmTou3WckAgFQlXw3OR" }
index-BEYvB55B.js:49:64939
[TonService] Sending transaction: 
Object { toAddress: "EQC9q38UghP0eT3E9RwXBdjAThZ-CmTou3WckAgFQlX_w3OR", formattedAddress: "EQC9q38UghP0eT3E9RwXBdjAThZCmTou3WckAgFQlXw3OR", amountNanoTon: "300000000", comment: "Buy Skin: Toxic Waste" }
index-BEYvB55B.js:49:64211
[TonService] Transaction object created, sending to wallet... index-BEYvB55B.js:49:64518
[TON_CONNECT_UI] postEvent web_app_expand 
Object {  }
index-B-Rt45nW.js:85:779
validUntil (1772673657) is more than 5 minutes from now (1772673297) index-B-Rt45nW.js:42:16225
[TonService] sendTransaction error: Error: [TON_CONNECT_SDK_ERROR] ne
SendTransactionRequest validation failed: Wrong 'address' format in message at index 0
    ne https://snakeonton.vercel.app/assets/index-B-Rt45nW.js:5
    sendTransaction https://snakeonton.vercel.app/assets/index-B-Rt45nW.js:42
    te https://snakeonton.vercel.app/assets/index-B-Rt45nW.js:5
    te https://snakeonton.vercel.app/assets/index-B-Rt45nW.js:5
    sendTransaction https://snakeonton.vercel.app/assets/index-B-Rt45nW.js:42
    waitForSendTransaction https://snakeonton.vercel.app/assets/index-B-Rt45nW.js:1242
    waitForSendTransaction https://snakeonton.vercel.app/assets/index-B-Rt45nW.js:1242
    Le https://snakeonton.vercel.app/assets/index-B-Rt45nW.js:46
    Le https://snakeonton.vercel.app/assets/index-B-Rt45nW.js:46
    waitForSendTransaction https://snakeonton.vercel.app/assets/index-B-Rt45nW.js:1242
    sendTransaction https://snakeonton.vercel.app/assets/index-B-Rt45nW.js:1242
    i https://snakeonton.vercel.app/assets/index-B-Rt45nW.js:46
    promise callback*s https://snakeonton.vercel.app/assets/index-B-Rt45nW.js:46
    Le https://snakeonton.vercel.app/assets/index-B-Rt45nW.js:46
    Le https://snakeonton.vercel.app/assets/index-B-Rt45nW.js:46
    sendTransaction https://snakeonton.vercel.app/assets/index-B-Rt45nW.js:1242
    sendTransaction https://snakeonton.vercel.app/assets/index-BEYvB55B.js:49
    processPayment https://snakeonton.vercel.app/assets/index-BEYvB55B.js:49
    he https://snakeonton.vercel.app/assets/index-BEYvB55B.js:49
    onClick https://snakeonton.vercel.app/assets/index-BEYvB55B.js:49
    $f https://snakeonton.vercel.app/assets/index-BEYvB55B.js:48
    es https://snakeonton.vercel.app/assets/index-BEYvB55B.js:48
    eo https://snakeonton.vercel.app/assets/index-BEYvB55B.js:48
    es https://snakeonton.vercel.app/assets/index-BEYvB55B.js:48
    ms https://snakeonton.vercel.app/assets/index-BEYvB55B.js:49
    jm https://snakeonton.vercel.app/assets/index-BEYvB55B.js:49
    Ff https://snakeonton.vercel.app/assets/index-BEYvB55B.js:48
    Ic https://snakeonton.vercel.app/assets/index-BEYvB55B.js:48
    Pc https://snakeonton.vercel.app/assets/index-BEYvB55B.js:48
    Pc https://snakeonton.vercel.app/assets/index-BEYvB55B.js:48
    createRoot https://snakeonton.vercel.app/assets/index-BEYvB55B.js:49
    <anonymous> https://snakeonton.vercel.app/assets/index-BEYvB55B.js:49
index-BEYvB55B.js:49:64712
[TonService] Error details: 
Object { message: "[TON_CONNECT_SDK_ERROR] ne\nSendTransactionRequest validation failed: Wrong 'address' format in message at index 0", stack: "ne@https://snakeonton.vercel.app/assets/index-B-Rt45nW.js:5:889\nsendTransaction/<@https://snakeonton.vercel.app/assets/index-B-Rt45nW.js:42:44940\nte/<@https://snakeonton.vercel.app/assets/index-B-Rt45nW.js:5:819\nte@https://snakeonton.vercel.app/assets/index-B-Rt45nW.js:5:619\nsendTransaction@https://snakeonton.vercel.app/assets/index-B-Rt45nW.js:42:44627\nwaitForSendTransaction/</<@https://snakeonton.vercel.app/assets/index-B-Rt45nW.js:1242:25626\nwaitForSendTransaction/<@https://snakeonton.vercel.app/assets/index-B-Rt45nW.js:1242:25188\nLe/<@https://snakeonton.vercel.app/assets/index-B-Rt45nW.js:46:1436\nLe@https://snakeonton.vercel.app/assets/index-B-Rt45nW.js:46:1256\nwaitForSendTransaction@https://snakeonton.vercel.app/assets/index-B-Rt45nW.js:1242:25156\nsendTransaction/<@https://snakeonton.vercel.app/assets/index-B-Rt45nW.js:1242:20393\ni@https://snakeonton.vercel.app/assets/index-B-Rt45nW.js:46:1294\npromise callback*s@https://snakeonton.vercel.app/assets/index-B-Rt45nW.js:46:1407\nLe/<@https://snakeonton.vercel.app/assets/index-B-Rt45nW.js:46:1418\nLe@https://snakeonton.vercel.app/assets/index-B-Rt45nW.js:46:1256\nsendTransaction@https://snakeonton.vercel.app/assets/index-B-Rt45nW.js:1242:19110\nsendTransaction@https://snakeonton.vercel.app/assets/index-BEYvB55B.js:49:64607\nprocessPayment@https://snakeonton.vercel.app/assets/index-BEYvB55B.js:49:100655\nhe@https://snakeonton.vercel.app/assets/index-BEYvB55B.js:49:105572\nonClick@https://snakeonton.vercel.app/assets/index-BEYvB55B.js:49:112434\n$f@https://snakeonton.vercel.app/assets/index-BEYvB55B.js:48:127468\nYm/es/<@https://snakeonton.vercel.app/assets/index-BEYvB55B.js:48:132553\neo@https://snakeonton.vercel.app/assets/index-BEYvB55B.js:48:15122\nes@https://snakeonton.vercel.app/assets/index-BEYvB55B.js:48:128703\nms@https://snakeonton.vercel.app/assets/index-BEYvB55B.js:49:28662\njm@https://snakeonton.vercel.app/assets/index-BEYvB55B.js:49:28482\nEventListener.handleEvent*Ff@https://snakeonton.vercel.app/assets/index-BEYvB55B.js:48:128264\nIc@https://snakeonton.vercel.app/assets/index-BEYvB55B.js:48:127664\nYm/Pc/<@https://snakeonton.vercel.app/assets/index-BEYvB55B.js:48:127830\nPc@https://snakeonton.vercel.app/assets/index-BEYvB55B.js:48:127775\nYm/Un.createRoot@https://snakeonton.vercel.app/assets/index-BEYvB55B.js:49:36517\n@https://snakeonton.vercel.app/assets/index-BEYvB55B.js:49:146560\n" }
index-BEYvB55B.js:49:64787
[PaymentService] Transaction result: false index-BEYvB55B.js:49:100755
[PaymentService] Transaction failed - check tonService logs above index-BEYvB55B.js:49:100812
[PaymentService] Starting payment process: 
Object { toAddress: "EQC9q38UghP0eT3E9RwXBdjAThZ-CmTou3WckAgFQlX_w3OR", amountNanoTon: "500000000", comment: "Buy Skin: Galaxy Purple", userId: "demo_user", type: "buy_skin", amount: 0.5, itemName: "Galaxy Purple" }
index-BEYvB55B.js:49:100111
[PaymentService] About to call tonService.sendTransaction index-BEYvB55B.js:49:100573
[TonService] Formatting address: 
Object { original: "EQC9q38UghP0eT3E9RwXBdjAThZ-CmTou3WckAgFQlX_w3OR", cleaned: "EQC9q38UghP0eT3E9RwXBdjAThZCmTou3WckAgFQlXw3OR" }
index-BEYvB55B.js:49:64939
[TonService] Sending transaction: 
Object { toAddress: "EQC9q38UghP0eT3E9RwXBdjAThZ-CmTou3WckAgFQlX_w3OR", formattedAddress: "EQC9q38UghP0eT3E9RwXBdjAThZCmTou3WckAgFQlXw3OR", amountNanoTon: "500000000", comment: "Buy Skin: Galaxy Purple" }
index-BEYvB55B.js:49:64211
[TonService] Transaction object created, sending to wallet... index-BEYvB55B.js:49:64518
[TON_CONNECT_UI] postEvent web_app_expand 
Object {  }
index-B-Rt45nW.js:85:779
validUntil (1772673659) is more than 5 minutes from now (1772673299) index-B-Rt45nW.js:42:16225
[TonService] sendTransaction error: Error: [TON_CONNECT_SDK_ERROR] ne
SendTransactionRequest validation failed: Wrong 'address' format in message at index 0
    ne https://snakeonton.vercel.app/assets/index-B-Rt45nW.js:5
    sendTransaction https://snakeonton.vercel.app/assets/index-B-Rt45nW.js:42
    te https://snakeonton.vercel.app/assets/index-B-Rt45nW.js:5
    te https://snakeonton.vercel.app/assets/index-B-Rt45nW.js:5
    sendTransaction https://snakeonton.vercel.app/assets/index-B-Rt45nW.js:42
    waitForSendTransaction https://snakeonton.vercel.app/assets/index-B-Rt45nW.js:1242
    waitForSendTransaction https://snakeonton.vercel.app/assets/index-B-Rt45nW.js:1242
    Le https://snakeonton.vercel.app/assets/index-B-Rt45nW.js:46
    Le https://snakeonton.vercel.app/assets/index-B-Rt45nW.js:46
    waitForSendTransaction https://snakeonton.vercel.app/assets/index-B-Rt45nW.js:1242
    sendTransaction https://snakeonton.vercel.app/assets/index-B-Rt45nW.js:1242
    i https://snakeonton.vercel.app/assets/index-B-Rt45nW.js:46
    promise callback*s https://snakeonton.vercel.app/assets/index-B-Rt45nW.js:46
    Le https://snakeonton.vercel.app/assets/index-B-Rt45nW.js:46
    Le https://snakeonton.vercel.app/assets/index-B-Rt45nW.js:46
    sendTransaction https://snakeonton.vercel.app/assets/index-B-Rt45nW.js:1242
    sendTransaction https://snakeonton.vercel.app/assets/index-BEYvB55B.js:49
    processPayment https://snakeonton.vercel.app/assets/index-BEYvB55B.js:49
    he https://snakeonton.vercel.app/assets/index-BEYvB55B.js:49
    onClick https://snakeonton.vercel.app/assets/index-BEYvB55B.js:49
    $f https://snakeonton.vercel.app/assets/index-BEYvB55B.js:48
    es https://snakeonton.vercel.app/assets/index-BEYvB55B.js:48
    eo https://snakeonton.vercel.app/assets/index-BEYvB55B.js:48
    es https://snakeonton.vercel.app/assets/index-BEYvB55B.js:48
    ms https://snakeonton.vercel.app/assets/index-BEYvB55B.js:49
    jm https://snakeonton.vercel.app/assets/index-BEYvB55B.js:49
    Ff https://snakeonton.vercel.app/assets/index-BEYvB55B.js:48
    Ic https://snakeonton.vercel.app/assets/index-BEYvB55B.js:48
    Pc https://snakeonton.vercel.app/assets/index-BEYvB55B.js:48
    Pc https://snakeonton.vercel.app/assets/index-BEYvB55B.js:48
    createRoot https://snakeonton.vercel.app/assets/index-BEYvB55B.js:49
    <anonymous> https://snakeonton.vercel.app/assets/index-BEYvB55B.js:49
index-BEYvB55B.js:49:64712
[TonService] Error details: 
Object { message: "[TON_CONNECT_SDK_ERROR] ne\nSendTransactionRequest validation failed: Wrong 'address' format in message at index 0", stack: "ne@https://snakeonton.vercel.app/assets/index-B-Rt45nW.js:5:889\nsendTransaction/<@https://snakeonton.vercel.app/assets/index-B-Rt45nW.js:42:44940\nte/<@https://snakeonton.vercel.app/assets/index-B-Rt45nW.js:5:819\nte@https://snakeonton.vercel.app/assets/index-B-Rt45nW.js:5:619\nsendTransaction@https://snakeonton.vercel.app/assets/index-B-Rt45nW.js:42:44627\nwaitForSendTransaction/</<@https://snakeonton.vercel.app/assets/index-B-Rt45nW.js:1242:25626\nwaitForSendTransaction/<@https://snakeonton.vercel.app/assets/index-B-Rt45nW.js:1242:25188\nLe/<@https://snakeonton.vercel.app/assets/index-B-Rt45nW.js:46:1436\nLe@https://snakeonton.vercel.app/assets/index-B-Rt45nW.js:46:1256\nwaitForSendTransaction@https://snakeonton.vercel.app/assets/index-B-Rt45nW.js:1242:25156\nsendTransaction/<@https://snakeonton.vercel.app/assets/index-B-Rt45nW.js:1242:20393\ni@https://snakeonton.vercel.app/assets/index-B-Rt45nW.js:46:1294\npromise callback*s@https://snakeonton.vercel.app/assets/index-B-Rt45nW.js:46:1407\nLe/<@https://snakeonton.vercel.app/assets/index-B-Rt45nW.js:46:1418\nLe@https://snakeonton.vercel.app/assets/index-B-Rt45nW.js:46:1256\nsendTransaction@https://snakeonton.vercel.app/assets/index-B-Rt45nW.js:1242:19110\nsendTransaction@https://snakeonton.vercel.app/assets/index-BEYvB55B.js:49:64607\nprocessPayment@https://snakeonton.vercel.app/assets/index-BEYvB55B.js:49:100655\nhe@https://snakeonton.vercel.app/assets/index-BEYvB55B.js:49:105572\nonClick@https://snakeonton.vercel.app/assets/index-BEYvB55B.js:49:112434\n$f@https://snakeonton.vercel.app/assets/index-BEYvB55B.js:48:127468\nYm/es/<@https://snakeonton.vercel.app/assets/index-BEYvB55B.js:48:132553\neo@https://snakeonton.vercel.app/assets/index-BEYvB55B.js:48:15122\nes@https://snakeonton.vercel.app/assets/index-BEYvB55B.js:48:128703\nms@https://snakeonton.vercel.app/assets/index-BEYvB55B.js:49:28662\njm@https://snakeonton.vercel.app/assets/index-BEYvB55B.js:49:28482\nEventListener.handleEvent*Ff@https://snakeonton.vercel.app/assets/index-BEYvB55B.js:48:128264\nIc@https://snakeonton.vercel.app/assets/index-BEYvB55B.js:48:127664\nYm/Pc/<@https://snakeonton.vercel.app/assets/index-BEYvB55B.js:48:127830\nPc@https://snakeonton.vercel.app/assets/index-BEYvB55B.js:48:127775\nYm/Un.createRoot@https://snakeonton.vercel.app/assets/index-BEYvB55B.js:49:36517\n@https://snakeonton.vercel.app/assets/index-BEYvB55B.js:49:146560\n" }
​
message: "[TON_CONNECT_SDK_ERROR] ne\nSendTransactionRequest validation failed: Wrong 'address' format in message at index 0"
​
stack: "ne@https://snakeonton.vercel.app/assets/index-B-Rt45nW.js:5:889\nsendTransaction/<@https://snakeonton.vercel.app/assets/index-B-Rt45nW.js:42:44940\nte/<@https://snakeonton.vercel.app/assets/index-B-Rt45nW.js:5:819\nte@https://snakeonton.vercel.app/assets/index-B-Rt45nW.js:5:619\nsendTransaction@https://snakeonton.vercel.app/assets/index-B-Rt45nW.js:42:44627\nwaitForSendTransaction/</<@https://snakeonton.vercel.app/assets/index-B-Rt45nW.js:1242:25626\nwaitForSendTransaction/<@https://snakeonton.vercel.app/assets/index-B-Rt45nW.js:1242:25188\nLe/<@https://snakeonton.vercel.app/assets/index-B-Rt45nW.js:46:1436\nLe@https://snakeonton.vercel.app/assets/index-B-Rt45nW.js:46:1256\nwaitForSendTransaction@https://snakeonton.vercel.app/assets/index-B-Rt45nW.js:1242:25156\nsendTransaction/<@https://snakeonton.vercel.app/assets/index-B-Rt45nW.js:1242:20393\ni@https://snakeonton.vercel.app/assets/index-B-Rt45nW.js:46:1294\npromise callback*s@https://snakeonton.vercel.app/assets/index-B-Rt45nW.js:46:1407\nLe/<@https://snakeonton.vercel.app/assets/index-B-Rt45nW.js:46:1418\nLe@https://snakeonton.vercel.app/assets/index-B-Rt45nW.js:46:1256\nsendTransaction@https://snakeonton.vercel.app/assets/index-B-Rt45nW.js:1242:19110\nsendTransaction@https://snakeonton.vercel.app/assets/index-BEYvB55B.js:49:64607\nprocessPayment@https://snakeonton.vercel.app/assets/index-BEYvB55B.js:49:100655\nhe@https://snakeonton.vercel.app/assets/index-BEYvB55B.js:49:105572\nonClick@https://snakeonton.vercel.app/assets/index-BEYvB55B.js:49:112434\n$f@https://snakeonton.vercel.app/assets/index-BEYvB55B.js:48:127468\nYm/es/<@https://snakeonton.vercel.app/assets/index-BEYvB55B.js:48:132553\neo@https://snakeonton.vercel.app/assets/index-BEYvB55B.js:48:15122\nes@https://snakeonton.vercel.app/assets/index-BEYvB55B.js:48:128703\nms@https://snakeonton.vercel.app/assets/index-BEYvB55B.js:49:28662\njm@https://snakeonton.vercel.app/assets/index-BEYvB55B.js:49:28482\nEventListener.handleEvent*Ff@https://snakeonton.vercel.app/assets/index-BEYvB55B.js:48:128264\nIc@https://snakeonton.vercel.app/assets/index-BEYvB55B.js:48:127664\nYm/Pc/<@https://snakeonton.vercel.app/assets/index-BEYvB55B.js:48:127830\nPc@https://snakeonton.vercel.app/assets/index-BEYvB55B.js:48:127775\nYm/Un.createRoot@https://snakeonton.vercel.app/assets/index-BEYvB55B.js:49:36517\n@https://snakeonton.vercel.app/assets/index-BEYvB55B.js:49:146560\n"
​
<prototype>: Object { … }
index-BEYvB55B.js:49:64787
[PaymentService] Transaction result: false index-BEYvB55B.js:49:100755
[PaymentService] Transaction failed - check tonService logs above index-BEYvB55B.js:49:100812

​

